[247cointrading.com/index.html]
[backblue.gif]
[fade.gif]
[index.html]
[cdn.bitpanda.com/media/redesign/favicon/favicon-32x32.png]
[cdn.bitpanda.com/media/redesign/favicon/favicon-16x16.png]
[cdn.bitpanda.com/media/fonts/bp-assets/bp-assets.woff2]
[cdn.bitpanda.com/media/fonts/EuclidSquare/EuclidSquare-Regular.woff2]
[cdn.bitpanda.com/index.html]
[cdn.bitpanda.com/media/fonts/EuclidSquare/EuclidSquare-Medium.woff2]
[code.highcharts.com/index.html]
[cdn.bitpanda.com/media/fonts/EuclidSquare/EuclidSquare-Semibold.woff2]
[247cointrading.com/index-2.html]
[247cointrading.com/de.7.delayed]
[247cointrading.com/fr.html]
[247cointrading.com/es.html]
[247cointrading.com/it.html]
[247cointrading.com/pl.html]
[cdn.bitpanda.com/app/v2/css/all.minb4e4.css]
[cdn.bitpanda.com/app/v2/js/head.min085f.js]
[widget.trustpilot.com/bootstrap/v5/tp.widget.bootstrap.min.js]
[geoip-js.com/js/apis/geoip2/v2.1/geoip2.js]
[cdn.bitpanda.com/media/New navigation_Rebrand 3.0/Cryptos.svg]
[cdn.bitpanda.com/media/asset-icons/asset-btc.svg]
[cdn.bitpanda.com/media/asset-icons/asset-eth.svg]
[cdn.bitpanda.com/media/asset-icons/asset-best.svg]
[cdn.bitpanda.com/media/asset-icons/asset-link.svg]
[247cointrading.com/en/prices/etfs/top-50-USDo-stocks-USDostoxx50.16.delayed]
[cdn.bitpanda.com/media/New navigation_Rebrand 3.0/USDostoxx50.svg]
[247cointrading.com/en/prices/etfs/top-40-german-stocks-dax.html]
[cdn.bitpanda.com/media/New navigation_Rebrand 3.0/dax.svg]
[247cointrading.com/en/prices/etfs/top-100-british-stocks-ftse100.html]
[cdn.bitpanda.com/media/New navigation_Rebrand 3.0/ftse100.svg]
[247cointrading.com/en/prices/etfs/emerging-markets-stocks-msci-em.html]
[cdn.bitpanda.com/media/New navigation_Rebrand 3.0/msci-em.svg]
[247cointrading.com/en/prices/etfs.html]
[247cointrading.com/en/prices/bci-infrastructure-leaders-bciil.html]
[cdn.bitpanda.com/media/bci/navigation_icons/22_06_Website_BCI_LandingPage_BCI Infra_36x36.svg]
[247cointrading.com/en/prices/bci-defi-leaders-bcidl.html]
[cdn.bitpanda.com/media/bci/navigation_icons/22_06_Website_BCI_LandingPage_BCI DeFi_36x36.svg]
[247cointrading.com/en/prices/bci-media-entertainment-leaders-bciml.html]
[cdn.bitpanda.com/media/bci/navigation_icons/bcime-01.svg]
[247cointrading.com/en/prices/bci-smart-contract-leaders-bcisl.html]
[cdn.bitpanda.com/media/bci/navigation_icons/22_06_Website_BCI_LandingPage_BCI Smart_36x36.svg]
[247cointrading.com/en/prices/crypto-index/bci10.html]
[cdn.bitpanda.com/media/bci/navigation_icons/22_06_Website_BCI_LandingPage_BCI 10_36x36.svg]
[247cointrading.com/en/prices/crypto-index/bci25.html]
[cdn.bitpanda.com/media/bci/navigation_icons/22_06_Website_BCI_LandingPage_BCI 25_36x36.svg]
[247cointrading.com/en/prices/crypto-index.html]
[247cointrading.com/en/prices/gold-xau.html]
[cdn.bitpanda.com/media/New navigation_Rebrand 3.0/xau.svg]
[247cointrading.com/en/prices/silver-xag.html]
[cdn.bitpanda.com/media/New navigation_Rebrand 3.0/xag.svg]
[247cointrading.com/en/prices/palladium-xpd.html]
[cdn.bitpanda.com/media/New navigation_Rebrand 3.0/xpd.svg]
[247cointrading.com/en/prices/platinum-xpt.html]
[cdn.bitpanda.com/media/New navigation_Rebrand 3.0/xpt.svg]
[247cointrading.com/en/prices/precious-metals.html]
[247cointrading.com/en/prices/commodities/brent-crude-oil.html]
[cdn.bitpanda.com/media/New navigation_Rebrand 3.0/brent.png]
[247cointrading.com/en/prices/commodities/natural-gas-natgas.html]
[cdn.bitpanda.com/media/New navigation_Rebrand 3.0/natgas.png]
[247cointrading.com/en/prices/commodities/wheat.html]
[cdn.bitpanda.com/media/New navigation_Rebrand 3.0/wheat.png]
[247cointrading.com/en/prices/commodities/soybeans-soybean.html]
[cdn.bitpanda.com/media/New navigation_Rebrand 3.0/soybean.png]
[247cointrading.com/en/prices/commodities/copper.html]
[cdn.bitpanda.com/media/New navigation_Rebrand 3.0/copper.png]
[247cointrading.com/en/prices/commodities/nickel.html]
[cdn.bitpanda.com/media/New navigation_Rebrand 3.0/nickel.png]
[247cointrading.com/en/prices/commodities.html]
[247cointrading.com/en/features.html]
[cdn.bitpanda.com/media/New navigation_Rebrand 3.0/Crypto Index new.svg]
[cdn.bitpanda.com/media/New navigation_Rebrand 3.0/Group 1306.svg]
[cdn.bitpanda.com/media/New navigation_Rebrand 3.0/Group 43-1new.svg]
[cdn.bitpanda.com/media/New navigation_Rebrand 3.0/Group 1309.svg]
[cdn.bitpanda.com/media/New navigation_Rebrand 3.0/Group 1310.svg]
[cdn.bitpanda.com/media/New navigation_Rebrand 3.0/Group 1307.svg]
[cdn.bitpanda.com/media/New navigation_Rebrand 3.0/Group 1308.svg]
[cdn.bitpanda.com/media/New navigation_Rebrand 3.0/2022_May_Product_Staking icon_2022_May_Product_Staking icon_36x36.svg]
[cdn.bitpanda.com/media/New navigation_Rebrand 3.0/Group 1311.svg]
[cdn.bitpanda.com/media/New navigation_Rebrand 3.0/Group 1312.svg]
[cdn.bitpanda.com/media/New navigation_Rebrand 3.0/Group 43-2.svg]
[cdn.bitpanda.com/media/New navigation_Rebrand 3.0/Screenshot 2022-11-17 at 11.14.47.png]
[cdn.bitpanda.com/media/New navigation_Rebrand 3.0/Screenshot 2022-11-17 at 11.15.02.png]
[cdn.bitpanda.com/media/New navigation_Rebrand 3.0/Group 302 new.svg]
[cdn.bitpanda.com/media/New navigation_Rebrand 3.0/Blog-nav-thumb3-280x200.jpg]
[cdn.bitpanda.com/media/your-investment-your-assets-why-your-money-is-safe-with-bitpanda-bitpanda-blog-en.png]
[247cointrading.com/app/login.html]
[cdn.bitpanda.com/media/New navigation_Rebrand 3.0/Group 32 new.svg]
[cdn.bitpanda.com/media/New navigation_Rebrand 3.0/bpc b logo rounded square.png]
[247cointrading.com/en/about-us.html]
[247cointrading.com/app/index.html]
[247cointrading.com/en/security.html]
[247cointrading.com/app/register.html]
[www.livecoinwatch.com/static/lcw-widget.js]
[247cointrading.com/en/prices/cryptocurrencies.html]
[247cointrading.com/en/prices/stocks.html]
[247cointrading.com/app/register/articles/360019578140-Who-can-use-Bitpanda-]
[247cointrading.com/en/limits.html]
[cdn.bitpanda.com/app/v2/js/cta-button.minb126.js]
[cdn.bitpanda.com/app/v2/css/hero-ticker.min76f7.css]
[247cointrading.com/img/Hero.png]
[cdn.bitpanda.com/app/v2/js/hero-ticker.minda91.js]
[247cointrading.com/img/Register.png]
[247cointrading.com/app/register73a6.html]
[247cointrading.com/img/Register1.png]
[247cointrading.com/img/Register2.png]
[247cointrading.com/img/Register3.png]
[cdn.bitpanda.com/app/v2/js/vertical-slider.min038a.js]
[cdn.bitpanda.com/app/v2/js/dist/prices-carousel/prices-carousel.min9866.js]
[247cointrading.com/https_/247cointrading.com/index.html]
[247cointrading.com/about-us.html]
[247cointrading.com/career.html]
[247cointrading.com/features.html]
[cdn.bitpanda.com/app/v2/js/all.min3b73.js]
[cdn.bitpanda.com/app/v2/js/stock.min3cea.js]
[cdn.bitpanda.com/app/v2/js/dotcom-components/dotcom-components.esmcb35.js]
[247cointrading.com/index.html]
[cdn.bitpanda.com/app/v2/js/dotcom-components/dotcom-components165a.js]
[cdn.bitpanda.com/index.html]
[code.highcharts.com/index.html]
[cdn.segment.com/index.html]
[247cointrading.com/index-2.html]
[247cointrading.com/de.html]
[247cointrading.com/fr.html]
[247cointrading.com/es.html]
[247cointrading.com/it.html]
[247cointrading.com/pl.html]
[247cointrading.com/en/prices/etfs/top-50-USDo-stocks-USDostoxx50.html]
[247cointrading.com/en/prices/etfs/top-40-german-stocks-dax.html]
[247cointrading.com/en/prices/etfs/top-100-british-stocks-ftse100.html]
[247cointrading.com/en/prices/etfs/emerging-markets-stocks-msci-em.html]
[247cointrading.com/en/prices/etfs.html]
[247cointrading.com/en/prices/bci-infrastructure-leaders-bciil.html]
[247cointrading.com/en/prices/bci-defi-leaders-bcidl.html]
[247cointrading.com/en/prices/bci-media-entertainment-leaders-bciml.html]
[247cointrading.com/en/prices/bci-smart-contract-leaders-bcisl.html]
[247cointrading.com/en/prices/crypto-index/bci10.html]
[247cointrading.com/en/prices/crypto-index/bci25.html]
[247cointrading.com/en/prices/crypto-index.html]
[247cointrading.com/en/prices/gold-xau.html]
[247cointrading.com/en/prices/silver-xag.html]
[247cointrading.com/en/prices/palladium-xpd.html]
[247cointrading.com/en/prices/platinum-xpt.html]
[247cointrading.com/en/prices/precious-metals.html]
[247cointrading.com/en/prices/commodities/brent-crude-oil.html]
[247cointrading.com/en/prices/commodities/natural-gas-natgas.html]
[247cointrading.com/en/prices/commodities/wheat.html]
[247cointrading.com/en/prices/commodities/soybeans-soybean.html]
[247cointrading.com/en/prices/commodities/copper.html]
[247cointrading.com/en/prices/commodities/nickel.html]
[247cointrading.com/en/prices/commodities.html]
[247cointrading.com/en/de.html]
[247cointrading.com/en/fr.html]
[247cointrading.com/en/es.html]
[247cointrading.com/en/it.html]
[247cointrading.com/en/pl.html]
[247cointrading.com/en/en/prices/etfs/top-50-USDo-stocks-USDostoxx50.html]
[247cointrading.com/en/en/prices/etfs/top-40-german-stocks-dax.html]
[247cointrading.com/en/en/prices/etfs/top-100-british-stocks-ftse100.html]
[247cointrading.com/en/en/prices/etfs/emerging-markets-stocks-msci-em.html]
[247cointrading.com/en/en/prices/etfs.html]
[247cointrading.com/en/en/prices/bci-infrastructure-leaders-bciil.html]
[247cointrading.com/en/en/prices/bci-defi-leaders-bcidl.html]
[247cointrading.com/en/en/prices/bci-media-entertainment-leaders-bciml.html]
[247cointrading.com/en/en/prices/bci-smart-contract-leaders-bcisl.html]
[247cointrading.com/en/en/prices/crypto-index/bci10.html]
[247cointrading.com/en/en/prices/crypto-index/bci25.html]
[247cointrading.com/en/en/prices/crypto-index.html]
[247cointrading.com/en/en/prices/gold-xau.html]
[247cointrading.com/en/en/prices/silver-xag.html]
[247cointrading.com/en/en/prices/palladium-xpd.html]
[247cointrading.com/en/en/prices/platinum-xpt.html]
[247cointrading.com/en/en/prices/precious-metals.html]
[247cointrading.com/en/en/prices/commodities/brent-crude-oil.html]
[247cointrading.com/en/en/prices/commodities/natural-gas-natgas.html]
[247cointrading.com/en/en/prices/commodities/wheat.html]
[247cointrading.com/en/en/prices/commodities/soybeans-soybean.html]
[247cointrading.com/en/en/prices/commodities/copper.html]
[247cointrading.com/en/en/prices/commodities/nickel.html]
[247cointrading.com/en/en/prices/commodities.html]
[247cointrading.com/en/en/features.html]
[247cointrading.com/en/en/about-us.html]
[247cointrading.com/en/en/security.html]
[247cointrading.com/en/index.html]
[247cointrading.com/en/en/prices/cryptocurrencies.html]
[247cointrading.com/en/en/prices/stocks.html]
[247cointrading.com/en/en/limits.html]
[247cointrading.com/en/press-downloads.html]
[247cointrading.com/en/career.html]
[247cointrading.com/app/register/articles/360001705580-I-m-new-to-Bitpanda-Where-should-I-start-]
[247cointrading.com/en/savings-plan.html]
[247cointrading.com/en/features.html]
[247cointrading.com/app/storage/app/public/photos/upload-favicon.png1617293031]
[247cointrading.com/app/temp/css/bootstrap.min.css]
[247cointrading.com/app/temp/css/materialdesignicons.min.css]
[247cointrading.com/app/temp/css/line.css]
[247cointrading.com/app/temp/css/style.css]
[247cointrading.com/app/temp/css/colors/default.css]
[247cointrading.com/app/storage/app/public/photos/XzouH5logo.png1678610862]
[247cointrading.com/app/forgot-password.html]
[247cointrading.com/app/temp/js/jquery-3.5.1.min.js]
[247cointrading.com/app/temp/js/bootstrap.bundle.min.js]
[247cointrading.com/app/temp/js/owl.carousel.min.js]
[247cointrading.com/app/temp/js/owl.init.js]
[247cointrading.com/app/temp/js/feather.min.js]
[247cointrading.com/app/temp/js/bundle.js]
[247cointrading.com/app/temp/js/app.js]
[247cointrading.com/app/login.html]
[247cointrading.com/app/temp/js/widget.js]
[247cointrading.com/app/temp/images/meta.png]
[247cointrading.com/app/temp/css/flexslider.css]
[247cointrading.com/app/temp/css/magnific-popup.css]
[247cointrading.com/app/temp/css/owl.carousel.min.css]
[247cointrading.com/app/temp/css/owl.theme.default.min.css]
[247cointrading.com/app/temp/images/logo-dark.png]
[247cointrading.com/app/about.html]
[247cointrading.com/app/faq.html]
[247cointrading.com/app/contact.html]
[247cointrading.com/app/storage/app/public/photos/b9158Babout.jpg]
[247cointrading.com/app/temp/images/icon/key.svg]
[247cointrading.com/app/temp/images/icon/locked.svg]
[247cointrading.com/app/temp/images/app/phone.png]
[247cointrading.com/app/temp/images/app/laptop.png]
[247cointrading.com/app/index.html]
[247cointrading.com/en/about-us.html]
[247cointrading.com/app/storage/app/public/photos/upload-testimonial-1.jpg1617292794]
[247cointrading.com/app/register/requests/new.beb2d7.delayed]
[247cointrading.com/en/security.html]
[247cointrading.com/app/register.html]
[247cointrading.com/en/prices/cryptocurrencies.html]
[247cointrading.com/en/prices/stocks.html]
[247cointrading.com/app/register/articles/360019578140-Who-can-use-Bitpanda-.html]
[247cointrading.com/en/limits.html]
[247cointrading.com/app/register73a6.html]
[247cointrading.com/https_/247cointrading.com/index.html]
[247cointrading.com/about-us.html]
[247cointrading.com/career.html]
[247cointrading.com/features.html]
[247cointrading.com/en/de.html]
[247cointrading.com/en/fr.html]
[247cointrading.com/en/es.html]
[247cointrading.com/en/it.html]
[247cointrading.com/en/pl.html]
[247cointrading.com/en/en/prices/etfs/top-50-USDo-stocks-USDostoxx50.html]
[247cointrading.com/en/en/prices/etfs/top-40-german-stocks-dax.html]
[247cointrading.com/en/en/prices/etfs/top-100-british-stocks-ftse100.html]
[247cointrading.com/en/en/prices/etfs/emerging-markets-stocks-msci-em.html]
[247cointrading.com/en/en/prices/etfs.html]
[247cointrading.com/en/en/prices/bci-infrastructure-leaders-bciil.html]
[247cointrading.com/en/en/prices/bci-defi-leaders-bcidl.html]
[247cointrading.com/en/en/prices/bci-media-entertainment-leaders-bciml.html]
[247cointrading.com/en/en/prices/bci-smart-contract-leaders-bcisl.html]
[247cointrading.com/en/en/prices/crypto-index/bci10.html]
[247cointrading.com/en/en/prices/crypto-index/bci25.html]
[247cointrading.com/en/en/prices/crypto-index.html]
[247cointrading.com/en/en/prices/gold-xau.html]
[247cointrading.com/en/en/prices/silver-xag.html]
[247cointrading.com/en/en/prices/palladium-xpd.html]
[247cointrading.com/en/en/prices/platinum-xpt.html]
[247cointrading.com/en/en/prices/precious-metals.html]
[247cointrading.com/en/en/prices/commodities/brent-crude-oil.html]
[247cointrading.com/en/en/prices/commodities/natural-gas-natgas.html]
[247cointrading.com/en/en/prices/commodities/wheat.html]
[247cointrading.com/en/en/prices/commodities/soybeans-soybean.html]
[247cointrading.com/en/en/prices/commodities/copper.html]
[247cointrading.com/en/en/prices/commodities/nickel.html]
[247cointrading.com/en/en/prices/commodities.html]
[247cointrading.com/en/en/features.html]
[247cointrading.com/en/en/about-us.html]
[247cointrading.com/en/en/security.html]
[247cointrading.com/en/index.html]
[247cointrading.com/en/en/prices/cryptocurrencies.html]
[247cointrading.com/en/en/prices/stocks.html]
[247cointrading.com/en/en/limits.html]
[247cointrading.com/en/press-downloads.html]
[247cointrading.com/en/career.html]
[247cointrading.com/app/register/articles/360001705580-I-m-new-to-Bitpanda-Where-should-I-start-.html]
[247cointrading.com/en/savings-plan.html]
[247cointrading.com/en/index-2.html]
[247cointrading.com/app/forgot-password.html]
[cdn.bitpanda.com/media/stocks/en-prospectus-1.pdf]
[cdnjs.cloudflare.com/ajax/libs/animate.css/4.1.1/animate.min.css')}}]
[247cointrading.com/app/about.html]
[247cointrading.com/app/faq.html]
[247cointrading.com/app/contact.html]
[247cointrading.com/app/register/requests/newb2d7.html]
[247cointrading.com/app/storage/app/public/photos/iAwfKeabout.png]
[cdn.bitpanda.com/media/fonts/bp-assets/bp-assets.woff2]
[cdn.bitpanda.com/media/fonts/EuclidSquare/EuclidSquare-Regular.woff2]
[cdn.bitpanda.com/app/v2/js/head.min085f.js]
[cdn.bitpanda.com/media/New navigation_Rebrand 3.0/brent.png]
[cdn.bitpanda.com/media/New navigation_Rebrand 3.0/natgas.png]
[cdn.bitpanda.com/media/New navigation_Rebrand 3.0/wheat.png]
[cdn.bitpanda.com/media/New navigation_Rebrand 3.0/soybean.png]
[cdn.bitpanda.com/media/New navigation_Rebrand 3.0/copper.png]
[cdn.bitpanda.com/media/New navigation_Rebrand 3.0/nickel.png]
[cdn.bitpanda.com/media/your-investment-your-assets-why-your-money-is-safe-with-bitpanda-bitpanda-blog-en.png]
[247cointrading.com/index-2.html]
[cdn.bitpanda.com/media/New navigation_Rebrand 3.0/bpc b logo rounded square.png]
[www.livecoinwatch.com/static/lcw-widget.js]
[cdn.bitpanda.com/app/v2/css/all.minb4e4.css]
[cdn.bitpanda.com/app/v2/js/cta-button.minb126.js]
[cdn.bitpanda.com/app/v2/js/hero-ticker.minda91.js]
[cdn.bitpanda.com/app/v2/js/vertical-slider.min038a.js]
[widget.trustpilot.com/bootstrap/v5/tp.widget.bootstrap.min.js]
[cdn.bitpanda.com/app/v2/js/dist/prices-carousel/prices-carousel.min9866.js]
[cdn.bitpanda.com/app/v2/js/stock.min3cea.js]
[cdn.bitpanda.com/media/New navigation_Rebrand 3.0/Cryptos.svg]
[cdn.bitpanda.com/app/v2/js/all.min3b73.js]
[cdn.bitpanda.com/media/asset-icons/asset-btc.svg]
[cdn.bitpanda.com/app/v2/js/dotcom-components/dotcom-components.esmcb35.js]
[cdn.bitpanda.com/media/asset-icons/asset-eth.svg]
[cdn.bitpanda.com/app/v2/js/dotcom-components/dotcom-components165a.js]
[cdn.bitpanda.com/media/asset-icons/asset-best.svg]
[cdn.bitpanda.com/media/asset-icons/asset-link.svg]
[cdn.bitpanda.com/media/New navigation_Rebrand 3.0/USDostoxx50.svg]
[cdn.bitpanda.com/media/New navigation_Rebrand 3.0/dax.svg]
[cdn.bitpanda.com/media/New navigation_Rebrand 3.0/ftse100.svg]
[cdn.bitpanda.com/media/New navigation_Rebrand 3.0/msci-em.svg]
[cdn.bitpanda.com/media/bci/navigation_icons/22_06_Website_BCI_LandingPage_BCI Infra_36x36.svg]
[cdn.bitpanda.com/media/bci/navigation_icons/22_06_Website_BCI_LandingPage_BCI DeFi_36x36.svg]
[cdn.bitpanda.com/media/stocks/en-prospectus-1.pdf]
[cdn.bitpanda.com/media/bci/navigation_icons/bcime-01.svg]
[cdn.bitpanda.com/media/bci/navigation_icons/22_06_Website_BCI_LandingPage_BCI Smart_36x36.svg]
[cdn.bitpanda.com/media/bci/navigation_icons/22_06_Website_BCI_LandingPage_BCI 10_36x36.svg]
[cdn.bitpanda.com/media/bci/navigation_icons/22_06_Website_BCI_LandingPage_BCI 25_36x36.svg]
[cdn.bitpanda.com/media/New navigation_Rebrand 3.0/xau.svg]
[cdn.bitpanda.com/media/New navigation_Rebrand 3.0/xag.svg]
[cdn.bitpanda.com/media/New navigation_Rebrand 3.0/xpd.svg]
[cdn.bitpanda.com/media/New navigation_Rebrand 3.0/xpt.svg]
[247cointrading.com/app/storage/app/public/photos/XzouH5logo.png1678610862]
[247cointrading.com/app/storage/app/public/photos/upload-favicon.png1617293031]
[247cointrading.com/en/prices/commodities/natural-gas-natgas.html]
[247cointrading.com/en/prices/commodities/wheat.html]
[247cointrading.com/en/prices/commodities/soybeans-soybean.html]
[247cointrading.com/en/prices/commodities/copper.html]
[247cointrading.com/en/prices/commodities/nickel.html]
[247cointrading.com/en/prices/commodities.html]
[cdn.bitpanda.com/media/New navigation_Rebrand 3.0/Crypto Index new.svg]
[cdn.bitpanda.com/media/New navigation_Rebrand 3.0/Group 1306.svg]
[cdn.bitpanda.com/media/New navigation_Rebrand 3.0/Group 43-1new.svg]
[cdn.bitpanda.com/media/New navigation_Rebrand 3.0/Group 1309.svg]
[cdn.bitpanda.com/media/New navigation_Rebrand 3.0/Group 1310.svg]
[cdn.bitpanda.com/media/New navigation_Rebrand 3.0/Group 1307.svg]
[cdn.bitpanda.com/media/New navigation_Rebrand 3.0/Group 1308.svg]
[cdn.bitpanda.com/media/New navigation_Rebrand 3.0/2022_May_Product_Staking icon_2022_May_Product_Staking icon_36x36.svg]
[cdn.bitpanda.com/media/New navigation_Rebrand 3.0/Group 1311.svg]
[cdn.bitpanda.com/media/New navigation_Rebrand 3.0/Group 1312.svg]
[cdn.bitpanda.com/media/New navigation_Rebrand 3.0/Group 43-2.svg]
[cdn.bitpanda.com/media/New navigation_Rebrand 3.0/Group 302 new.svg]
[247cointrading.com/app/login.html]
[cdn.bitpanda.com/media/New navigation_Rebrand 3.0/Group 32 new.svg]
[247cointrading.com/en/about-us.html]
[247cointrading.com/en/prices/cryptocurrencies.html]
[cdn.bitpanda.com/app/v2/css/hero-ticker.min76f7.css]
[247cointrading.com/app/register73a6.html]
[247cointrading.com/img/Register2.html]
[247cointrading.com/img/Register3.html]
[247cointrading.com/https_/247cointrading.com/index.html]
[247cointrading.com/app/temp/css/bootstrap.min.css]
[247cointrading.com/app/temp/fonts/materialdesignicons-webfonte910e910.eot]
[247cointrading.com/app/temp/fonts/materialdesignicons-webfonte910.c7e910.delayed]
[247cointrading.com/app/temp/fonts/materialdesignicons-webfontd41dd41d.eot]
[247cointrading.com/app/temp/fonts/materialdesignicons-webfonte910-2e910.html]
[247cointrading.com/app/temp/css/materialdesignicons.min.css]
[247cointrading.com/app/temp/css/line.css]
[247cointrading.com/app/temp/images/task/bg.png]
[247cointrading.com/app/temp/fonts/materialdesignicons-webfonte910e910.woff]
[247cointrading.com/app/temp/images/process.png]
[247cointrading.com/app/temp/css/style.css]
[247cointrading.com/app/temp/css/colors/default.css]
[247cointrading.com/app/forgot-password.html]
[247cointrading.com/app/temp/js/jquery-3.5.1.min.js]
[247cointrading.com/app/temp/js/bootstrap.bundle.min.js]
[247cointrading.com/app/temp/js/owl.carousel.min.js]
[247cointrading.com/app/temp/js/owl.init.js]
[247cointrading.com/app/node.js]
[247cointrading.com/app/temp/js/feather.min.js]
[247cointrading.com/app/temp/js/bundle.html]
[247cointrading.com/app/temp/js/app.js]
[247cointrading.com/app/temp/js/widget.js]
[247cointrading.com/app/temp/images/meta.html]
[247cointrading.com/app/temp/fonts/flexslider-icon.html]
[247cointrading.com/app/temp/fonts/flexslider-icond41dd41d.html]
[247cointrading.com/app/temp/fonts/flexslider-icon-2.html]
[247cointrading.com/app/temp/fonts/flexslider-icon-3.html]
[247cointrading.com/app/temp/fonts/flexslider-icon-4.html]
[247cointrading.com/app/temp/css/flexslider.css]
[247cointrading.com/app/temp/css/magnific-popup.css]
[247cointrading.com/app/temp/css/owl.video.play.html]
[247cointrading.com/app/temp/css/owl.carousel.min.css]
[247cointrading.com/app/temp/css/owl.theme.default.min.css]
[247cointrading.com/app/about.html]
[247cointrading.com/app/temp/images/icon/key.svg]
[247cointrading.com/app/temp/images/icon/locked.svg]
[247cointrading.com/app/register/requests/newb2d7.html]
[247cointrading.com/app/temp/fonts/materialdesignicons-webfonte910e910.html]
[247cointrading.com/app/temp/fonts/materialdesignicons-webfonte910-2e910.html]
[247cointrading.com/app/temp/images/task/bg.html]
[247cointrading.com/app/temp/images/process.html]
[247cointrading.com/app/node.html]
[247cointrading.com/xhr.js]
[247cointrading.com/GET]
[247cointrading.com/lib/widget-management.js]
[247cointrading.com/app/edge.d3.delayed]
[247cointrading.com/app/edge/index.html]
[247cointrading.com/app/temp/fonts/flexslider-icon.html]
[247cointrading.com/app/temp/fonts/flexslider-icond41dd41d.html]
[247cointrading.com/app/temp/fonts/flexslider-icon-2.html]
[247cointrading.com/app/temp/fonts/flexslider-icon-3.html]
[247cointrading.com/app/temp/fonts/flexslider-icon-4.html]
[247cointrading.com/app/temp/css/owl.video.play.html]
[cdn.matomo.cloud/bitpanda.matomo.cloud/matomo.js]
[247cointrading.com/xhr.js]
[247cointrading.com/GET]
[247cointrading.com/lib/widget-management.js]
[code.tidio.co/9trrlq0y8kkhxoevw2uza0qlanmpkolm.js]
[247cointrading.com/app/edge.html]
